AR tbtestmoo testbench_arch "U:/ECE 241/moore/tbtestmoo.vhw" sub00/vhpl04 1491336193
EN tbtestmoo NULL "U:/ECE 241/moore/tbtestmoo.vhw" sub00/vhpl03 1491336192
EN mealy NULL "U:/ECE 241/moore/netgen/par/mealy_timesim.vhd" sub00/vhpl00 1491336190
AR mealy structure "U:/ECE 241/moore/netgen/par/mealy_timesim.vhd" sub00/vhpl02 1491336191
AR mealy behavioral "U:/ECE 241/moore/mealy.vhf" sub00/vhpl01 1491335769
