MO X_OPAD NULL N:/J.40/rtf/verilog/src/simprims/X_OPAD.v vlg.bin:14731778 1194561796
MO X_ONE NULL N:/J.40/rtf/verilog/src/simprims/X_ONE.v vlg.bin:14731117 1194561796
MO X_LUT4 NULL N:/J.40/rtf/verilog/src/simprims/X_LUT4.v vlg.bin:13993329 1194561787
MO X_IPAD NULL N:/J.40/rtf/verilog/src/simprims/X_IPAD.v vlg.bin:13939567 1194561783
MO X_INV NULL N:/J.40/rtf/verilog/src/simprims/X_INV.v vlg.bin:13938183 1194561782
MO X_BUF NULL N:/J.40/rtf/verilog/src/simprims/X_BUF.v vlg.bin:12767971 1194561775
MO X_OBUF NULL N:/J.40/rtf/verilog/src/simprims/X_OBUF.v vlg.bin:14718544 1194561793
