EN schem NULL "U:/ECE 241/lab 2/lab2/netgen/par/schem_timesim.vhd" sub00/vhpl00 1485895617
AR schem structure "U:/ECE 241/lab 2/lab2/netgen/par/schem_timesim.vhd" sub00/vhpl04 1485895618
AR tb testbench_arch "U:/ECE 241/lab 2/lab2/tb.vhw" sub00/vhpl03 1485895620
EN tb NULL "U:/ECE 241/lab 2/lab2/tb.vhw" sub00/vhpl02 1485895619
AR schem behavioral "U:/ECE 241/lab 2/lab2/schem.vhf" sub00/vhpl01 1485894754
