MO schem NULL "U:/ECE 241/lab 4/lab_4/netgen/par/schem_timesim.v" vlg28/schem.bin 1487107466
MO OR6_MXILINX_schem NULL "U:/ECE 241/lab 4/lab_4/schem.vf" vlg46/_o_r6___m_x_i_l_i_n_x__schem.bin 1487107408
MO tb NULL "U:/ECE 241/lab 4/lab_4/tb.tfw" vlg26/tb.bin 1487107466
MO glbl NULL "U:/ECE 241/lab 4/lab_4/netgen/par/schem_timesim.v" vlg2D/glbl.bin 1487107466
MO TB2 NULL "U:/ECE 241/lab 4/lab_4/TB2.tfw" vlg30/_t_b2.bin 1487107349
