EN adder NULL "//users.uidaho.edu/users/d/dona1865/ECE 241/lab6/adder.vhd" sub00/vhpl01 1488316294
EN lab6 NULL "//users.uidaho.edu/users/d/dona1865/ECE 241/lab6/lab6.vhd" sub00/vhpl00 1488312227
AR adder behavioral "//users.uidaho.edu/users/d/dona1865/ECE 241/lab6/adder.vhd" sub00/vhpl02 1488316295
